<html>
<body>
<pre>
<h1>µVision Build Log</h1>
<h2>Tool Versions:</h2>
IDE-Version: ¦ÌVision V5.26.2.0
Copyright (C) 2018 ARM Ltd and ARM Germany GmbH. All rights reserved.
License Information: ghf 2271902787@qq.com, trydy, LIC=0VRJ7-ESWNN-INTA7-EJLWU-HKEDU-QWB49
 
Tool Versions:
Toolchain:       MDK-ARM Professional  Version: 5.26.2.0
Toolchain Path:  C:\Keil_v5\ARM\ARMCC\Bin
C Compiler:      Armcc.exe V5.06 update 6 (build 750)
Assembler:       Armasm.exe V5.06 update 6 (build 750)
Linker/Locator:  ArmLink.exe V5.06 update 6 (build 750)
Library Manager: ArmAr.exe V5.06 update 6 (build 750)
Hex Converter:   FromElf.exe V5.06 update 6 (build 750)
CPU DLL:         SARMCM3.DLL V5.26.2.0
Dialog DLL:      DCM.DLL V1.17.2.0
Target DLL:      STLink\ST-LINKIII-KEIL_SWO.dll V3.0.5.0
Dialog DLL:      TCM.DLL V1.36.1.0
 
<h2>Project:</h2>
H:\keil\project\Blu_Car\MDK-ARM\Blu_Car.uvprojx
Project File Date:  02/11/2026

<h2>Output:</h2>
*** Using Compiler 'V5.06 update 6 (build 750)', folder: 'C:\Keil_v5\ARM\ARMCC\Bin'
Rebuild target 'Blu_Car'
assembling startup_stm32f103xb.s...
compiling stm32f1xx_it.c...
compiling gpio.c...
compiling adc.c...
compiling stm32f1xx_hal_msp.c...
compiling dma.c...
compiling stm32f1xx_hal_gpio_ex.c...
compiling i2c.c...
compiling usart.c...
compiling tim.c...
compiling main.c...
.\MPU6050\mpu6050.h(74): warning:  #1-D: last line of file ends without a newline
  #endif
../Core/Src/main.c(690): warning:  #188-D: enumerated type mixed with another type
  	SSD1306_Puts(text, &Font_11x18, 1);
../Core/Src/main.c: 2 warnings, 0 errors
compiling stm32f1xx_hal_adc.c...
compiling stm32f1xx_hal.c...
compiling stm32f1xx_hal_rcc_ex.c...
compiling stm32f1xx_hal_cortex.c...
compiling stm32f1xx_hal_dma.c...
compiling stm32f1xx_hal_gpio.c...
compiling stm32f1xx_hal_pwr.c...
compiling stm32f1xx_hal_flash.c...
compiling stm32f1xx_hal_adc_ex.c...
compiling stm32f1xx_hal_rcc.c...
compiling stm32f1xx_hal_exti.c...
compiling stm32f1xx_hal_flash_ex.c...
compiling system_stm32f1xx.c...
compiling font.c...
compiling key.c...
compiling dht11.c...
compiling oled.c...
oled\oled.c(152): warning:  #188-D: enumerated type mixed with another type
              if(byte & 0x80) SSD1306_DrawPixel(x+i, y, color);
oled\oled.c(606): warning:  #188-D: enumerated type mixed with another type
  	SSD1306_Fill (0);
oled\oled.c: 2 warnings, 0 errors
compiling mpu6050.c...
MPU6050\mpu6050.h(74): warning:  #1-D: last line of file ends without a newline
  #endif
MPU6050\mpu6050.c(136): warning:  #1-D: last line of file ends without a newline
  }
MPU6050\mpu6050.c: 2 warnings, 0 errors
compiling stm32f1xx_hal_tim_ex.c...
compiling Blucar.c...
.\MPU6050\mpu6050.h(74): warning:  #1-D: last line of file ends without a newline
  #endif
Blucar\Blucar.c: 1 warning, 0 errors
compiling PID.c...
PID\PID.c(64): warning:  #1-D: last line of file ends without a newline
  }
PID\PID.c: 1 warning, 0 errors
compiling stm32f1xx_hal_uart.c...
compiling stm32f1xx_hal_i2c.c...
compiling stm32f1xx_hal_tim.c...
compiling HCSR04.c...
HC-SR04\HCSR04.c(72): warning:  #1-D: last line of file ends without a newline
  }
HC-SR04\HCSR04.c: 1 warning, 0 errors
linking...
Program Size: Code=29112 RO-data=4336 RW-data=164 ZI-data=4564  
FromELF: creating hex file...
"WIFI\WIFI.axf" - 0 Error(s), 9 Warning(s).

<h2>Software Packages used:</h2>

Package Vendor: ARM
                http://www.keil.com/pack/ARM.CMSIS.5.4.0.pack
                ARM.CMSIS.5.4.0
                CMSIS (Cortex Microcontroller Software Interface Standard)
   * Component: CORE Version: 5.1.2

Package Vendor: Keil
                https://www.keil.com/pack/Keil.STM32F1xx_DFP.2.4.1.pack
                Keil.STM32F1xx_DFP.2.4.1
                STMicroelectronics STM32F1 Series Device Support, Drivers and Examples

<h2>Collection of Component include folders:</h2>
  .\RTE\_Blu_Car
  C:\Keil_v5\ARM\PACK\ARM\CMSIS\5.4.0\CMSIS\Core\Include
  C:\Keil_v5\ARM\PACK\Keil\STM32F1xx_DFP\2.4.1\Device\Include

<h2>Collection of Component Files used:</h2>

   * Component: ARM::CMSIS:CORE:5.1.2
Build Time Elapsed:  00:00:07
</pre>
</body>
</html>
